
Running 99 tests using 8 workers

[1/99] [chromium] ΓÇ║ tests\alerts-test.spec.ts:3:5 ΓÇ║ Alerts
[2/99] [chromium] ΓÇ║ tests\apiFixture-test.spec.ts:4:9 ΓÇ║ API Fixture ΓÇ║ Verify Users API
[3/99] [chromium] ΓÇ║ tests\authFixture-test.spec.ts:4:9 ΓÇ║ Authentication Fixture ΓÇ║ Verify Successful Login
[4/99] [chromium] ΓÇ║ tests\assertionsAndWaits-test.spec.ts:8:5 ΓÇ║ Verify Assertions and Waits
[5/99] [chromium] ΓÇ║ tests\browserWindows-test.spec.ts:3:5 ΓÇ║ Verify Browser Windows
[6/99] [chromium] ΓÇ║ tests\autoFixture-test.spec.ts:5:9 ΓÇ║ Auto Fixture Demo ΓÇ║ Verify Auto Fixture
[chromium] ΓÇ║ tests\autoFixture-test.spec.ts:5:9 ΓÇ║ Auto Fixture Demo ΓÇ║ Verify Auto Fixture
===== Before Test =====

[7/99] [chromium] ΓÇ║ tests\assertionsAndWaits.spec.ts:8:5 ΓÇ║ Verify Assertions and Waits in SauceDemo
[8/99] [chromium] ΓÇ║ tests\checkout-test.spec.ts:9:5 ΓÇ║ Checkout using Dynamic Test Data
[9/99] [chromium] ΓÇ║ tests\fixture-test.spec.ts:9:9 ΓÇ║ Playwright Fixture Demo ΓÇ║ Built-in Page Fixture
===== After Test =====

[10/99] [chromium] ΓÇ║ tests\fixture-test.spec.ts:17:9 ΓÇ║ Playwright Fixture Demo ΓÇ║ Custom Fixture
[chromium] ΓÇ║ tests\fixture-test.spec.ts:17:9 ΓÇ║ Playwright Fixture Demo ΓÇ║ Custom Fixture
LoginPage Fixture Setup

[11/99] [chromium] ΓÇ║ tests\fixture-test.spec.ts:26:9 ΓÇ║ Playwright Fixture Demo ΓÇ║ test.extend Demo
[chromium] ΓÇ║ tests\fixture-test.spec.ts:26:9 ΓÇ║ Playwright Fixture Demo ΓÇ║ test.extend Demo
LoginPage Fixture Setup

[12/99] [chromium] ΓÇ║ tests\fixture-test.spec.ts:35:9 ΓÇ║ Playwright Fixture Demo ΓÇ║ use() Demo
[chromium] ΓÇ║ tests\fixture-test.spec.ts:35:9 ΓÇ║ Playwright Fixture Demo ΓÇ║ use() Demo
LoginPage Fixture Setup

[chromium] ΓÇ║ tests\fixture-test.spec.ts:17:9 ΓÇ║ Playwright Fixture Demo ΓÇ║ Custom Fixture
LoginPage Fixture Cleanup

[13/99] [chromium] ΓÇ║ tests\frames-test.spec.ts:3:5 ΓÇ║ Verify Frames
[14/99] [chromium] ΓÇ║ tests\fixture-test.spec.ts:44:9 ΓÇ║ Playwright Fixture Demo ΓÇ║ Fixture Dependency
[chromium] ΓÇ║ tests\fixture-test.spec.ts:44:9 ΓÇ║ Playwright Fixture Demo ΓÇ║ Fixture Dependency
LoginPage Fixture Setup

[chromium] ΓÇ║ tests\fixture-test.spec.ts:26:9 ΓÇ║ Playwright Fixture Demo ΓÇ║ test.extend Demo
LoginPage Fixture Cleanup

[15/99] [chromium] ΓÇ║ tests\hooks-advanced-test.spec.ts:41:9 ΓÇ║ Hooks Advanced - Playwright Features ΓÇ║ @smoke Verify Login
[chromium] ΓÇ║ tests\fixture-test.spec.ts:35:9 ΓÇ║ Playwright Fixture Demo ΓÇ║ use() Demo
LoginPage Fixture Cleanup

[16/99] [chromium] ΓÇ║ tests\hooks-test.spec.ts:46:9 ΓÇ║ Hooks Demo ΓÇ║ @smoke Verify Login
[chromium] ΓÇ║ tests\hooks-test.spec.ts:46:9 ΓÇ║ Hooks Demo ΓÇ║ @smoke Verify Login
========== BEFORE ALL ==========

========== BEFORE EACH ==========

[chromium] ΓÇ║ tests\fixture-test.spec.ts:44:9 ΓÇ║ Playwright Fixture Demo ΓÇ║ Fixture Dependency
Inventory Fixture Setup

Inventory Fixture Cleanup

LoginPage Fixture Cleanup

[17/99] [chromium] ΓÇ║ tests\hooks-test.spec.ts:52:9 ΓÇ║ Hooks Demo ΓÇ║ @regression Verify Logout
[chromium] ΓÇ║ tests\hooks-test.spec.ts:52:9 ΓÇ║ Hooks Demo ΓÇ║ @regression Verify Logout
========== BEFORE ALL ==========

========== BEFORE EACH ==========

[chromium] ΓÇ║ tests\hooks-advanced-test.spec.ts:41:9 ΓÇ║ Hooks Advanced - Playwright Features ΓÇ║ @smoke Verify Login
========== AFTER EACH ==========

Title : @smoke Verify Login

Status : passed

Duration : 609 ms

[chromium] ΓÇ║ tests\hooks-test.spec.ts:46:9 ΓÇ║ Hooks Demo ΓÇ║ @smoke Verify Login
========== AFTER EACH ==========

Title : @smoke Verify Login

Status : passed

========== AFTER ALL ==========

[18/99] [chromium] ΓÇ║ tests\hooks-test.spec.ts:59:9 ΓÇ║ Hooks Demo ΓÇ║ Example Test
[chromium] ΓÇ║ tests\hooks-test.spec.ts:59:9 ΓÇ║ Hooks Demo ΓÇ║ Example Test
========== BEFORE ALL ==========

[19/99] [chromium] ΓÇ║ tests\hooks-advanced-test.spec.ts:49:9 ΓÇ║ Hooks Advanced - Playwright Features ΓÇ║ @regression Verify Logout
========== BEFORE EACH ==========

========== AFTER EACH ==========

Title : Example Test

Status : passed

========== AFTER ALL ==========

[20/99] [chromium] ΓÇ║ tests\hooks-test.spec.ts:65:10 ΓÇ║ Hooks Demo ΓÇ║ Checkout Test
[21/99] [chromium] ΓÇ║ tests\locators-test.spec.ts:8:5 ΓÇ║ Locators Demo
[22/99] [chromium] ΓÇ║ tests\locatorsAdvanced-test.spec.ts:8:5 ΓÇ║ Locators Advanced Demo
  1) [chromium] ΓÇ║ tests\assertionsAndWaits.spec.ts:8:5 ΓÇ║ Verify Assertions and Waits in SauceDemo ΓöÇΓöÇ

    TypeError: cartPage.openCart is not a function

      45 |     // Open Cart
      46 |     // ==========================================
    > 47 |     await cartPage.openCart();
         |                    ^
      48 |     await page.waitForURL('**/cart.html');
      49 |     await expect(page).toHaveURL(/cart/);
      50 |     // ==========================================
        at C:\Projects\PlaywrightFramework\tests\assertionsAndWaits.spec.ts:47:20

    Error Context: test-results\assertionsAndWaits-Verify-Assertions-and-Waits-in-SauceDemo-chromium\error-context.md


[chromium] ΓÇ║ tests\hooks-test.spec.ts:52:9 ΓÇ║ Hooks Demo ΓÇ║ @regression Verify Logout
========== AFTER EACH ==========

Title : @regression Verify Logout

Status : passed

========== AFTER ALL ==========

[23/99] [chromium] ΓÇ║ tests\teardownFixture-test.spec.ts:6:9 ΓÇ║ Fixture Teardown Demo ΓÇ║ Create and Delete User
[chromium] ΓÇ║ tests\teardownFixture-test.spec.ts:6:9 ΓÇ║ Fixture Teardown Demo ΓÇ║ Create and Delete User
Creating User

Deleting User

[24/99] [chromium] ΓÇ║ tests\testScopeFixture-test.spec.ts:6:9 ΓÇ║ Test Scope Fixture Demo ΓÇ║ Test One
[chromium] ΓÇ║ tests\testScopeFixture-test.spec.ts:6:9 ΓÇ║ Test Scope Fixture Demo ΓÇ║ Test One
========== TEST FIXTURE SETUP ==========

========== TEST FIXTURE CLEANUP ==========

[25/99] [chromium] ΓÇ║ tests\testScopeFixture-test.spec.ts:13:9 ΓÇ║ Test Scope Fixture Demo ΓÇ║ Test Two
[chromium] ΓÇ║ tests\testScopeFixture-test.spec.ts:13:9 ΓÇ║ Test Scope Fixture Demo ΓÇ║ Test Two
========== TEST FIXTURE SETUP ==========

========== TEST FIXTURE CLEANUP ==========

[26/99] [chromium] ΓÇ║ tests\uiComponents-test.spec.ts:7:5 ΓÇ║ Verify Product Sorting Using Dropdown Options
[27/99] [chromium] ΓÇ║ tests\overrideFixture-test.spec.ts:4:9 ΓÇ║ Fixture Override Demo ΓÇ║ Override Built-in Page Fixture
[chromium] ΓÇ║ tests\hooks-advanced-test.spec.ts:49:9 ΓÇ║ Hooks Advanced - Playwright Features ΓÇ║ @regression Verify Logout
========== AFTER EACH ==========

Title : @regression Verify Logout

Status : passed

Duration : 1537 ms

[28/99] [chromium] ΓÇ║ tests\hooks-advanced-test.spec.ts:61:9 ΓÇ║ Hooks Advanced - Playwright Features ΓÇ║ Known Bug Example
[29/99] [chromium] ΓÇ║ tests\uiComponents.spec.ts:7:5 ΓÇ║ Verify product sorting using dropdown options
[chromium] ΓÇ║ tests\overrideFixture-test.spec.ts:4:9 ΓÇ║ Fixture Override Demo ΓÇ║ Override Built-in Page Fixture
Opening SauceDemo...

[30/99] [chromium] ΓÇ║ tests\userActions-test.spec.ts:8:5 ΓÇ║ UI Actions Demo
Closing Page...

[chromium] ΓÇ║ tests\hooks-advanced-test.spec.ts:61:9 ΓÇ║ Hooks Advanced - Playwright Features ΓÇ║ Known Bug Example
========== AFTER EACH ==========

Title : Known Bug Example

Status : passed

Duration : 594 ms

[31/99] [chromium] ΓÇ║ tests\hooks-advanced-test.spec.ts:69:10 ΓÇ║ Hooks Advanced - Playwright Features ΓÇ║ Wishlist Feature
[32/99] [chromium] ΓÇ║ tests\workerFixture-test.spec.ts:6:9 ΓÇ║ Worker Fixture Demo ΓÇ║ Worker Test 1
[chromium] ΓÇ║ tests\workerFixture-test.spec.ts:6:9 ΓÇ║ Worker Fixture Demo ΓÇ║ Worker Test 1
Worker Fixture Setup

Worker Fixture Cleanup

[33/99] [chromium] ΓÇ║ tests\workerFixture-test.spec.ts:13:9 ΓÇ║ Worker Fixture Demo ΓÇ║ Worker Test 2
[34/99] [firefox] ΓÇ║ tests\alerts-test.spec.ts:3:5 ΓÇ║ Alerts
[chromium] ΓÇ║ tests\workerFixture-test.spec.ts:13:9 ΓÇ║ Worker Fixture Demo ΓÇ║ Worker Test 2
Worker Fixture Setup

Worker Fixture Cleanup

[35/99] [firefox] ΓÇ║ tests\assertionsAndWaits-test.spec.ts:8:5 ΓÇ║ Verify Assertions and Waits
[36/99] [firefox] ΓÇ║ tests\apiFixture-test.spec.ts:4:9 ΓÇ║ API Fixture ΓÇ║ Verify Users API
[37/99] [firefox] ΓÇ║ tests\assertionsAndWaits.spec.ts:8:5 ΓÇ║ Verify Assertions and Waits in SauceDemo
[38/99] [firefox] ΓÇ║ tests\authFixture-test.spec.ts:4:9 ΓÇ║ Authentication Fixture ΓÇ║ Verify Successful Login
[39/99] [firefox] ΓÇ║ tests\autoFixture-test.spec.ts:5:9 ΓÇ║ Auto Fixture Demo ΓÇ║ Verify Auto Fixture
[firefox] ΓÇ║ tests\autoFixture-test.spec.ts:5:9 ΓÇ║ Auto Fixture Demo ΓÇ║ Verify Auto Fixture
===== Before Test =====

[40/99] [firefox] ΓÇ║ tests\browserWindows-test.spec.ts:3:5 ΓÇ║ Verify Browser Windows
[41/99] [firefox] ΓÇ║ tests\checkout-test.spec.ts:9:5 ΓÇ║ Checkout using Dynamic Test Data
[42/99] [firefox] ΓÇ║ tests\fixture-test.spec.ts:9:9 ΓÇ║ Playwright Fixture Demo ΓÇ║ Built-in Page Fixture
[43/99] [firefox] ΓÇ║ tests\fixture-test.spec.ts:17:9 ΓÇ║ Playwright Fixture Demo ΓÇ║ Custom Fixture
===== After Test =====

[44/99] [firefox] ΓÇ║ tests\fixture-test.spec.ts:26:9 ΓÇ║ Playwright Fixture Demo ΓÇ║ test.extend Demo
[45/99] [firefox] ΓÇ║ tests\fixture-test.spec.ts:35:9 ΓÇ║ Playwright Fixture Demo ΓÇ║ use() Demo
[46/99] [firefox] ΓÇ║ tests\fixture-test.spec.ts:44:9 ΓÇ║ Playwright Fixture Demo ΓÇ║ Fixture Dependency
[firefox] ΓÇ║ tests\fixture-test.spec.ts:17:9 ΓÇ║ Playwright Fixture Demo ΓÇ║ Custom Fixture
LoginPage Fixture Setup

[firefox] ΓÇ║ tests\fixture-test.spec.ts:26:9 ΓÇ║ Playwright Fixture Demo ΓÇ║ test.extend Demo
LoginPage Fixture Setup

[firefox] ΓÇ║ tests\fixture-test.spec.ts:35:9 ΓÇ║ Playwright Fixture Demo ΓÇ║ use() Demo
LoginPage Fixture Setup

[firefox] ΓÇ║ tests\fixture-test.spec.ts:44:9 ΓÇ║ Playwright Fixture Demo ΓÇ║ Fixture Dependency
LoginPage Fixture Setup

[firefox] ΓÇ║ tests\fixture-test.spec.ts:17:9 ΓÇ║ Playwright Fixture Demo ΓÇ║ Custom Fixture
LoginPage Fixture Cleanup

[47/99] [firefox] ΓÇ║ tests\frames-test.spec.ts:3:5 ΓÇ║ Verify Frames
[firefox] ΓÇ║ tests\fixture-test.spec.ts:44:9 ΓÇ║ Playwright Fixture Demo ΓÇ║ Fixture Dependency
Inventory Fixture Setup

[48/99] [firefox] ΓÇ║ tests\hooks-advanced-test.spec.ts:41:9 ΓÇ║ Hooks Advanced - Playwright Features ΓÇ║ @smoke Verify Login
[firefox] ΓÇ║ tests\fixture-test.spec.ts:35:9 ΓÇ║ Playwright Fixture Demo ΓÇ║ use() Demo
LoginPage Fixture Cleanup

[49/99] [firefox] ΓÇ║ tests\hooks-test.spec.ts:46:9 ΓÇ║ Hooks Demo ΓÇ║ @smoke Verify Login
[firefox] ΓÇ║ tests\hooks-test.spec.ts:46:9 ΓÇ║ Hooks Demo ΓÇ║ @smoke Verify Login
========== BEFORE ALL ==========

[firefox] ΓÇ║ tests\fixture-test.spec.ts:44:9 ΓÇ║ Playwright Fixture Demo ΓÇ║ Fixture Dependency
Inventory Fixture Cleanup

[firefox] ΓÇ║ tests\fixture-test.spec.ts:26:9 ΓÇ║ Playwright Fixture Demo ΓÇ║ test.extend Demo
LoginPage Fixture Cleanup

[firefox] ΓÇ║ tests\fixture-test.spec.ts:44:9 ΓÇ║ Playwright Fixture Demo ΓÇ║ Fixture Dependency
LoginPage Fixture Cleanup

[50/99] [firefox] ΓÇ║ tests\hooks-test.spec.ts:52:9 ΓÇ║ Hooks Demo ΓÇ║ @regression Verify Logout
[firefox] ΓÇ║ tests\hooks-test.spec.ts:52:9 ΓÇ║ Hooks Demo ΓÇ║ @regression Verify Logout
========== BEFORE ALL ==========

[51/99] [firefox] ΓÇ║ tests\hooks-test.spec.ts:59:9 ΓÇ║ Hooks Demo ΓÇ║ Example Test
[firefox] ΓÇ║ tests\hooks-test.spec.ts:59:9 ΓÇ║ Hooks Demo ΓÇ║ Example Test
========== BEFORE ALL ==========

  2) [firefox] ΓÇ║ tests\assertionsAndWaits.spec.ts:8:5 ΓÇ║ Verify Assertions and Waits in SauceDemo ΓöÇΓöÇΓöÇ

    TypeError: cartPage.openCart is not a function

      45 |     // Open Cart
      46 |     // ==========================================
    > 47 |     await cartPage.openCart();
         |                    ^
      48 |     await page.waitForURL('**/cart.html');
      49 |     await expect(page).toHaveURL(/cart/);
      50 |     // ==========================================
        at C:\Projects\PlaywrightFramework\tests\assertionsAndWaits.spec.ts:47:20

    Error Context: test-results\assertionsAndWaits-Verify-Assertions-and-Waits-in-SauceDemo-firefox\error-context.md


[52/99] [firefox] ΓÇ║ tests\hooks-test.spec.ts:65:10 ΓÇ║ Hooks Demo ΓÇ║ Checkout Test
[firefox] ΓÇ║ tests\hooks-test.spec.ts:46:9 ΓÇ║ Hooks Demo ΓÇ║ @smoke Verify Login
========== BEFORE EACH ==========

[firefox] ΓÇ║ tests\hooks-test.spec.ts:52:9 ΓÇ║ Hooks Demo ΓÇ║ @regression Verify Logout
========== BEFORE EACH ==========

[firefox] ΓÇ║ tests\hooks-test.spec.ts:59:9 ΓÇ║ Hooks Demo ΓÇ║ Example Test
========== BEFORE EACH ==========

[firefox] ΓÇ║ tests\hooks-advanced-test.spec.ts:41:9 ΓÇ║ Hooks Advanced - Playwright Features ΓÇ║ @smoke Verify Login
========== AFTER EACH ==========

Title : @smoke Verify Login

Status : passed

Duration : 2097 ms

[53/99] [firefox] ΓÇ║ tests\locators-test.spec.ts:8:5 ΓÇ║ Locators Demo
[54/99] [firefox] ΓÇ║ tests\hooks-advanced-test.spec.ts:49:9 ΓÇ║ Hooks Advanced - Playwright Features ΓÇ║ @regression Verify Logout
[firefox] ΓÇ║ tests\hooks-test.spec.ts:46:9 ΓÇ║ Hooks Demo ΓÇ║ @smoke Verify Login
========== AFTER EACH ==========

Title : @smoke Verify Login

Status : passed

========== AFTER ALL ==========

[55/99] [firefox] ΓÇ║ tests\locatorsAdvanced-test.spec.ts:8:5 ΓÇ║ Locators Advanced Demo
[firefox] ΓÇ║ tests\hooks-test.spec.ts:59:9 ΓÇ║ Hooks Demo ΓÇ║ Example Test
========== AFTER EACH ==========

Title : Example Test

Status : passed

========== AFTER ALL ==========

[56/99] [firefox] ΓÇ║ tests\overrideFixture-test.spec.ts:4:9 ΓÇ║ Fixture Override Demo ΓÇ║ Override Built-in Page Fixture
[57/99] [firefox] ΓÇ║ tests\teardownFixture-test.spec.ts:6:9 ΓÇ║ Fixture Teardown Demo ΓÇ║ Create and Delete User
[firefox] ΓÇ║ tests\teardownFixture-test.spec.ts:6:9 ΓÇ║ Fixture Teardown Demo ΓÇ║ Create and Delete User
Creating User

Deleting User

[58/99] [firefox] ΓÇ║ tests\testScopeFixture-test.spec.ts:6:9 ΓÇ║ Test Scope Fixture Demo ΓÇ║ Test One
[firefox] ΓÇ║ tests\testScopeFixture-test.spec.ts:6:9 ΓÇ║ Test Scope Fixture Demo ΓÇ║ Test One
========== TEST FIXTURE SETUP ==========

========== TEST FIXTURE CLEANUP ==========

[59/99] [firefox] ΓÇ║ tests\testScopeFixture-test.spec.ts:13:9 ΓÇ║ Test Scope Fixture Demo ΓÇ║ Test Two
[firefox] ΓÇ║ tests\testScopeFixture-test.spec.ts:13:9 ΓÇ║ Test Scope Fixture Demo ΓÇ║ Test Two
========== TEST FIXTURE SETUP ==========

========== TEST FIXTURE CLEANUP ==========

[60/99] [firefox] ΓÇ║ tests\uiComponents-test.spec.ts:7:5 ΓÇ║ Verify Product Sorting Using Dropdown Options
[firefox] ΓÇ║ tests\hooks-test.spec.ts:52:9 ΓÇ║ Hooks Demo ΓÇ║ @regression Verify Logout
========== AFTER EACH ==========

Title : @regression Verify Logout

Status : passed

========== AFTER ALL ==========

[61/99] [firefox] ΓÇ║ tests\uiComponents.spec.ts:7:5 ΓÇ║ Verify product sorting using dropdown options
[firefox] ΓÇ║ tests\overrideFixture-test.spec.ts:4:9 ΓÇ║ Fixture Override Demo ΓÇ║ Override Built-in Page Fixture
Opening SauceDemo...

Closing Page...

[62/99] [firefox] ΓÇ║ tests\userActions-test.spec.ts:8:5 ΓÇ║ UI Actions Demo
[firefox] ΓÇ║ tests\hooks-advanced-test.spec.ts:49:9 ΓÇ║ Hooks Advanced - Playwright Features ΓÇ║ @regression Verify Logout
========== AFTER EACH ==========

Title : @regression Verify Logout

Status : passed

Duration : 3407 ms

[63/99] [firefox] ΓÇ║ tests\hooks-advanced-test.spec.ts:61:9 ΓÇ║ Hooks Advanced - Playwright Features ΓÇ║ Known Bug Example
[firefox] ΓÇ║ tests\hooks-advanced-test.spec.ts:61:9 ΓÇ║ Hooks Advanced - Playwright Features ΓÇ║ Known Bug Example
========== AFTER EACH ==========

Title : Known Bug Example

Status : passed

Duration : 2171 ms

[64/99] [firefox] ΓÇ║ tests\hooks-advanced-test.spec.ts:69:10 ΓÇ║ Hooks Advanced - Playwright Features ΓÇ║ Wishlist Feature
[65/99] [webkit] ΓÇ║ tests\assertionsAndWaits-test.spec.ts:8:5 ΓÇ║ Verify Assertions and Waits
[66/99] [webkit] ΓÇ║ tests\alerts-test.spec.ts:3:5 ΓÇ║ Alerts
[67/99] [webkit] ΓÇ║ tests\authFixture-test.spec.ts:4:9 ΓÇ║ Authentication Fixture ΓÇ║ Verify Successful Login
[68/99] [webkit] ΓÇ║ tests\assertionsAndWaits.spec.ts:8:5 ΓÇ║ Verify Assertions and Waits in SauceDemo
[69/99] [firefox] ΓÇ║ tests\workerFixture-test.spec.ts:13:9 ΓÇ║ Worker Fixture Demo ΓÇ║ Worker Test 2
[70/99] [firefox] ΓÇ║ tests\workerFixture-test.spec.ts:6:9 ΓÇ║ Worker Fixture Demo ΓÇ║ Worker Test 1
[71/99] [webkit] ΓÇ║ tests\autoFixture-test.spec.ts:5:9 ΓÇ║ Auto Fixture Demo ΓÇ║ Verify Auto Fixture
[firefox] ΓÇ║ tests\workerFixture-test.spec.ts:13:9 ΓÇ║ Worker Fixture Demo ΓÇ║ Worker Test 2
Worker Fixture Setup

[firefox] ΓÇ║ tests\workerFixture-test.spec.ts:6:9 ΓÇ║ Worker Fixture Demo ΓÇ║ Worker Test 1
Worker Fixture Setup

[72/99] [webkit] ΓÇ║ tests\apiFixture-test.spec.ts:4:9 ΓÇ║ API Fixture ΓÇ║ Verify Users API
[webkit] ΓÇ║ tests\autoFixture-test.spec.ts:5:9 ΓÇ║ Auto Fixture Demo ΓÇ║ Verify Auto Fixture
===== Before Test =====

Worker Fixture Cleanup

Worker Fixture Cleanup

[73/99] [webkit] ΓÇ║ tests\fixture-test.spec.ts:9:9 ΓÇ║ Playwright Fixture Demo ΓÇ║ Built-in Page Fixture
[74/99] [webkit] ΓÇ║ tests\browserWindows-test.spec.ts:3:5 ΓÇ║ Verify Browser Windows
[75/99] [webkit] ΓÇ║ tests\checkout-test.spec.ts:9:5 ΓÇ║ Checkout using Dynamic Test Data
===== After Test =====

[76/99] [webkit] ΓÇ║ tests\fixture-test.spec.ts:17:9 ΓÇ║ Playwright Fixture Demo ΓÇ║ Custom Fixture
[77/99] [webkit] ΓÇ║ tests\fixture-test.spec.ts:26:9 ΓÇ║ Playwright Fixture Demo ΓÇ║ test.extend Demo
[webkit] ΓÇ║ tests\fixture-test.spec.ts:17:9 ΓÇ║ Playwright Fixture Demo ΓÇ║ Custom Fixture
LoginPage Fixture Setup

[78/99] [webkit] ΓÇ║ tests\fixture-test.spec.ts:35:9 ΓÇ║ Playwright Fixture Demo ΓÇ║ use() Demo
[webkit] ΓÇ║ tests\fixture-test.spec.ts:26:9 ΓÇ║ Playwright Fixture Demo ΓÇ║ test.extend Demo
LoginPage Fixture Setup

[webkit] ΓÇ║ tests\fixture-test.spec.ts:35:9 ΓÇ║ Playwright Fixture Demo ΓÇ║ use() Demo
LoginPage Fixture Setup

[webkit] ΓÇ║ tests\fixture-test.spec.ts:26:9 ΓÇ║ Playwright Fixture Demo ΓÇ║ test.extend Demo
LoginPage Fixture Cleanup

[79/99] [webkit] ΓÇ║ tests\fixture-test.spec.ts:44:9 ΓÇ║ Playwright Fixture Demo ΓÇ║ Fixture Dependency
[webkit] ΓÇ║ tests\fixture-test.spec.ts:17:9 ΓÇ║ Playwright Fixture Demo ΓÇ║ Custom Fixture
LoginPage Fixture Cleanup

[80/99] [webkit] ΓÇ║ tests\frames-test.spec.ts:3:5 ΓÇ║ Verify Frames
[webkit] ΓÇ║ tests\fixture-test.spec.ts:44:9 ΓÇ║ Playwright Fixture Demo ΓÇ║ Fixture Dependency
LoginPage Fixture Setup

[webkit] ΓÇ║ tests\fixture-test.spec.ts:35:9 ΓÇ║ Playwright Fixture Demo ΓÇ║ use() Demo
LoginPage Fixture Cleanup

[81/99] [webkit] ΓÇ║ tests\hooks-advanced-test.spec.ts:41:9 ΓÇ║ Hooks Advanced - Playwright Features ΓÇ║ @smoke Verify Login
[webkit] ΓÇ║ tests\fixture-test.spec.ts:44:9 ΓÇ║ Playwright Fixture Demo ΓÇ║ Fixture Dependency
Inventory Fixture Setup

Inventory Fixture Cleanup

LoginPage Fixture Cleanup

[82/99] [webkit] ΓÇ║ tests\hooks-test.spec.ts:46:9 ΓÇ║ Hooks Demo ΓÇ║ @smoke Verify Login
[webkit] ΓÇ║ tests\hooks-test.spec.ts:46:9 ΓÇ║ Hooks Demo ΓÇ║ @smoke Verify Login
========== BEFORE ALL ==========

[83/99] [webkit] ΓÇ║ tests\hooks-test.spec.ts:52:9 ΓÇ║ Hooks Demo ΓÇ║ @regression Verify Logout
[webkit] ΓÇ║ tests\hooks-test.spec.ts:52:9 ΓÇ║ Hooks Demo ΓÇ║ @regression Verify Logout
========== BEFORE ALL ==========

[webkit] ΓÇ║ tests\hooks-advanced-test.spec.ts:41:9 ΓÇ║ Hooks Advanced - Playwright Features ΓÇ║ @smoke Verify Login
========== AFTER EACH ==========

Title : @smoke Verify Login

Status : passed

Duration : 832 ms

[webkit] ΓÇ║ tests\hooks-test.spec.ts:46:9 ΓÇ║ Hooks Demo ΓÇ║ @smoke Verify Login
========== BEFORE EACH ==========

[webkit] ΓÇ║ tests\hooks-test.spec.ts:52:9 ΓÇ║ Hooks Demo ΓÇ║ @regression Verify Logout
========== BEFORE EACH ==========

[84/99] [webkit] ΓÇ║ tests\hooks-advanced-test.spec.ts:49:9 ΓÇ║ Hooks Advanced - Playwright Features ΓÇ║ @regression Verify Logout
[webkit] ΓÇ║ tests\hooks-test.spec.ts:46:9 ΓÇ║ Hooks Demo ΓÇ║ @smoke Verify Login
========== AFTER EACH ==========

Title : @smoke Verify Login

Status : passed

========== AFTER ALL ==========

[85/99] [webkit] ΓÇ║ tests\hooks-test.spec.ts:59:9 ΓÇ║ Hooks Demo ΓÇ║ Example Test
[webkit] ΓÇ║ tests\hooks-test.spec.ts:59:9 ΓÇ║ Hooks Demo ΓÇ║ Example Test
========== BEFORE ALL ==========

========== BEFORE EACH ==========

========== AFTER EACH ==========

Title : Example Test

Status : passed

========== AFTER ALL ==========

[86/99] [webkit] ΓÇ║ tests\hooks-test.spec.ts:65:10 ΓÇ║ Hooks Demo ΓÇ║ Checkout Test
[87/99] [webkit] ΓÇ║ tests\locators-test.spec.ts:8:5 ΓÇ║ Locators Demo
[webkit] ΓÇ║ tests\hooks-advanced-test.spec.ts:49:9 ΓÇ║ Hooks Advanced - Playwright Features ΓÇ║ @regression Verify Logout
========== AFTER EACH ==========

Title : @regression Verify Logout

Status : passed

Duration : 1740 ms

[88/99] [webkit] ΓÇ║ tests\hooks-advanced-test.spec.ts:61:9 ΓÇ║ Hooks Advanced - Playwright Features ΓÇ║ Known Bug Example
[webkit] ΓÇ║ tests\hooks-test.spec.ts:52:9 ΓÇ║ Hooks Demo ΓÇ║ @regression Verify Logout
========== AFTER EACH ==========

Title : @regression Verify Logout

Status : passed

========== AFTER ALL ==========

[89/99] [webkit] ΓÇ║ tests\locatorsAdvanced-test.spec.ts:8:5 ΓÇ║ Locators Advanced Demo
[90/99] [webkit] ΓÇ║ tests\overrideFixture-test.spec.ts:4:9 ΓÇ║ Fixture Override Demo ΓÇ║ Override Built-in Page Fixture
  3) [webkit] ΓÇ║ tests\assertionsAndWaits.spec.ts:8:5 ΓÇ║ Verify Assertions and Waits in SauceDemo ΓöÇΓöÇΓöÇΓöÇ

    TypeError: cartPage.openCart is not a function

      45 |     // Open Cart
      46 |     // ==========================================
    > 47 |     await inventoryPage.openCart();
         |                    ^
      48 |     await page.waitForURL('**/cart.html');
      49 |     await expect(page).toHaveURL(/cart/);
      50 |     // ==========================================
        at C:\Projects\PlaywrightFramework\tests\assertionsAndWaits.spec.ts:47:20

    Error Context: test-results\assertionsAndWaits-Verify-Assertions-and-Waits-in-SauceDemo-webkit\error-context.md


[91/99] [webkit] ΓÇ║ tests\testScopeFixture-test.spec.ts:6:9 ΓÇ║ Test Scope Fixture Demo ΓÇ║ Test One
[webkit] ΓÇ║ tests\testScopeFixture-test.spec.ts:6:9 ΓÇ║ Test Scope Fixture Demo ΓÇ║ Test One
========== TEST FIXTURE SETUP ==========

========== TEST FIXTURE CLEANUP ==========

[92/99] [webkit] ΓÇ║ tests\testScopeFixture-test.spec.ts:13:9 ΓÇ║ Test Scope Fixture Demo ΓÇ║ Test Two
[webkit] ΓÇ║ tests\testScopeFixture-test.spec.ts:13:9 ΓÇ║ Test Scope Fixture Demo ΓÇ║ Test Two
========== TEST FIXTURE SETUP ==========

========== TEST FIXTURE CLEANUP ==========

[93/99] [webkit] ΓÇ║ tests\uiComponents-test.spec.ts:7:5 ΓÇ║ Verify Product Sorting Using Dropdown Options
[webkit] ΓÇ║ tests\overrideFixture-test.spec.ts:4:9 ΓÇ║ Fixture Override Demo ΓÇ║ Override Built-in Page Fixture
Opening SauceDemo...

[94/99] [webkit] ΓÇ║ tests\teardownFixture-test.spec.ts:6:9 ΓÇ║ Fixture Teardown Demo ΓÇ║ Create and Delete User
[webkit] ΓÇ║ tests\teardownFixture-test.spec.ts:6:9 ΓÇ║ Fixture Teardown Demo ΓÇ║ Create and Delete User
Creating User

[95/99] [webkit] ΓÇ║ tests\uiComponents.spec.ts:7:5 ΓÇ║ Verify product sorting using dropdown options
Deleting User

[webkit] ΓÇ║ tests\overrideFixture-test.spec.ts:4:9 ΓÇ║ Fixture Override Demo ΓÇ║ Override Built-in Page Fixture
Closing Page...

[96/99] [webkit] ΓÇ║ tests\userActions-test.spec.ts:8:5 ΓÇ║ UI Actions Demo
[webkit] ΓÇ║ tests\hooks-advanced-test.spec.ts:61:9 ΓÇ║ Hooks Advanced - Playwright Features ΓÇ║ Known Bug Example
========== AFTER EACH ==========

Title : Known Bug Example

Status : passed

Duration : 1545 ms

[97/99] [webkit] ΓÇ║ tests\workerFixture-test.spec.ts:6:9 ΓÇ║ Worker Fixture Demo ΓÇ║ Worker Test 1
[98/99] [webkit] ΓÇ║ tests\hooks-advanced-test.spec.ts:69:10 ΓÇ║ Hooks Advanced - Playwright Features ΓÇ║ Wishlist Feature
[webkit] ΓÇ║ tests\workerFixture-test.spec.ts:6:9 ΓÇ║ Worker Fixture Demo ΓÇ║ Worker Test 1
Worker Fixture Setup

[99/99] [webkit] ΓÇ║ tests\workerFixture-test.spec.ts:13:9 ΓÇ║ Worker Fixture Demo ΓÇ║ Worker Test 2
[webkit] ΓÇ║ tests\workerFixture-test.spec.ts:13:9 ΓÇ║ Worker Fixture Demo ΓÇ║ Worker Test 2
Worker Fixture Setup

Worker Fixture Cleanup

Worker Fixture Cleanup

  3 failed
    [chromium] ΓÇ║ tests\assertionsAndWaits.spec.ts:8:5 ΓÇ║ Verify Assertions and Waits in SauceDemo ΓöÇΓöÇΓöÇ
    [firefox] ΓÇ║ tests\assertionsAndWaits.spec.ts:8:5 ΓÇ║ Verify Assertions and Waits in SauceDemo ΓöÇΓöÇΓöÇΓöÇ
    [webkit] ΓÇ║ tests\assertionsAndWaits.spec.ts:8:5 ΓÇ║ Verify Assertions and Waits in SauceDemo ΓöÇΓöÇΓöÇΓöÇΓöÇ
  6 skipped
  90 passed (44.9s)

[36m  Serving HTML report at http://localhost:9323. Press Ctrl+C to quit.[39m
